Archive member included to satisfy reference by file (symbol)

.pio\build\bluepill_f103c8\libd3b\libmaquina_estado2.a(maquina_estado.o)
                              .pio\build\bluepill_f103c8\src\controlador_de_pulsaciones.o (Maquina_despacha)
.pio\build\bluepill_f103c8\libae9\libsoporte_placa.a(soporte_placa.o)
                              .pio\build\bluepill_f103c8\src\main.o (SP_init)
.pio\build\bluepill_f103c8\libae9\libsoporte_placa.a(sp_pin.o)
                              .pio\build\bluepill_f103c8\src\pulsador.o (SP_Pin_read)
.pio\build\bluepill_f103c8\libae9\libsoporte_placa.a(sp_tiempo.o)
                              .pio\build\bluepill_f103c8\libae9\libsoporte_placa.a(soporte_placa.o) (SP_Tiempo_init)
c:/users/lola/.platformio/packages/toolchain-gccarmnoneeabi/bin/../lib/gcc/arm-none-eabi/7.2.1/../../../../arm-none-eabi/lib/thumb/v7-m\libc_nano.a(lib_a-exit.o)
                              c:/users/lola/.platformio/packages/toolchain-gccarmnoneeabi/bin/../lib/gcc/arm-none-eabi/7.2.1/../../../../arm-none-eabi/lib/thumb/v7-m/crt0.o (exit)
c:/users/lola/.platformio/packages/toolchain-gccarmnoneeabi/bin/../lib/gcc/arm-none-eabi/7.2.1/../../../../arm-none-eabi/lib/thumb/v7-m\libc_nano.a(lib_a-impure.o)
                              c:/users/lola/.platformio/packages/toolchain-gccarmnoneeabi/bin/../lib/gcc/arm-none-eabi/7.2.1/../../../../arm-none-eabi/lib/thumb/v7-m\libc_nano.a(lib_a-exit.o) (_global_impure_ptr)
c:/users/lola/.platformio/packages/toolchain-gccarmnoneeabi/bin/../lib/gcc/arm-none-eabi/7.2.1/../../../../arm-none-eabi/lib/thumb/v7-m\libc_nano.a(lib_a-init.o)
                              c:/users/lola/.platformio/packages/toolchain-gccarmnoneeabi/bin/../lib/gcc/arm-none-eabi/7.2.1/../../../../arm-none-eabi/lib/thumb/v7-m/crt0.o (__libc_init_array)
c:/users/lola/.platformio/packages/toolchain-gccarmnoneeabi/bin/../lib/gcc/arm-none-eabi/7.2.1/../../../../arm-none-eabi/lib/thumb/v7-m\libc_nano.a(lib_a-memset.o)
                              c:/users/lola/.platformio/packages/toolchain-gccarmnoneeabi/bin/../lib/gcc/arm-none-eabi/7.2.1/../../../../arm-none-eabi/lib/thumb/v7-m/crt0.o (memset)
c:/users/lola/.platformio/packages/toolchain-gccarmnoneeabi/bin/../lib/gcc/arm-none-eabi/7.2.1/../../../../arm-none-eabi/lib/thumb/v7-m\libnosys.a(_exit.o)
                              c:/users/lola/.platformio/packages/toolchain-gccarmnoneeabi/bin/../lib/gcc/arm-none-eabi/7.2.1/../../../../arm-none-eabi/lib/thumb/v7-m\libc_nano.a(lib_a-exit.o) (_exit)

Allocating common symbols
Common symbol       size              file

timeoutDescriptors  0x30              .pio\build\bluepill_f103c8\libae9\libsoporte_placa.a(sp_tiempo.o)

Discarded input sections

 .text          0x00000000        0x0 c:/users/lola/.platformio/packages/toolchain-gccarmnoneeabi/bin/../lib/gcc/arm-none-eabi/7.2.1/thumb/v7-m/crti.o
 .data          0x00000000        0x0 c:/users/lola/.platformio/packages/toolchain-gccarmnoneeabi/bin/../lib/gcc/arm-none-eabi/7.2.1/thumb/v7-m/crti.o
 .bss           0x00000000        0x0 c:/users/lola/.platformio/packages/toolchain-gccarmnoneeabi/bin/../lib/gcc/arm-none-eabi/7.2.1/thumb/v7-m/crti.o
 .data          0x00000000        0x4 c:/users/lola/.platformio/packages/toolchain-gccarmnoneeabi/bin/../lib/gcc/arm-none-eabi/7.2.1/thumb/v7-m/crtbegin.o
 .text          0x00000000       0x74 c:/users/lola/.platformio/packages/toolchain-gccarmnoneeabi/bin/../lib/gcc/arm-none-eabi/7.2.1/../../../../arm-none-eabi/lib/thumb/v7-m/crt0.o
 .data          0x00000000        0x0 c:/users/lola/.platformio/packages/toolchain-gccarmnoneeabi/bin/../lib/gcc/arm-none-eabi/7.2.1/../../../../arm-none-eabi/lib/thumb/v7-m/crt0.o
 .bss           0x00000000        0x0 c:/users/lola/.platformio/packages/toolchain-gccarmnoneeabi/bin/../lib/gcc/arm-none-eabi/7.2.1/../../../../arm-none-eabi/lib/thumb/v7-m/crt0.o
 .ARM.extab     0x00000000        0x0 c:/users/lola/.platformio/packages/toolchain-gccarmnoneeabi/bin/../lib/gcc/arm-none-eabi/7.2.1/../../../../arm-none-eabi/lib/thumb/v7-m/crt0.o
 .ARM.exidx     0x00000000        0x8 c:/users/lola/.platformio/packages/toolchain-gccarmnoneeabi/bin/../lib/gcc/arm-none-eabi/7.2.1/../../../../arm-none-eabi/lib/thumb/v7-m/crt0.o
 .ARM.attributes
                0x00000000       0x1b c:/users/lola/.platformio/packages/toolchain-gccarmnoneeabi/bin/../lib/gcc/arm-none-eabi/7.2.1/../../../../arm-none-eabi/lib/thumb/v7-m/crt0.o
 .text          0x00000000       0x14 .pio\build\bluepill_f103c8\FrameworkCMSIS\gcc\startup_stm32f103xb.o
 .data          0x00000000        0x0 .pio\build\bluepill_f103c8\FrameworkCMSIS\gcc\startup_stm32f103xb.o
 .bss           0x00000000        0x0 .pio\build\bluepill_f103c8\FrameworkCMSIS\gcc\startup_stm32f103xb.o
 .text          0x00000000        0x0 .pio\build\bluepill_f103c8\FrameworkCMSIS\system_stm32f1xx.o
 .data          0x00000000        0x0 .pio\build\bluepill_f103c8\FrameworkCMSIS\system_stm32f1xx.o
 .bss           0x00000000        0x0 .pio\build\bluepill_f103c8\FrameworkCMSIS\system_stm32f1xx.o
 .rodata.APBPrescTable
                0x00000000        0x8 .pio\build\bluepill_f103c8\FrameworkCMSIS\system_stm32f1xx.o
 .text          0x00000000        0x0 .pio\build\bluepill_f103c8\src\controlador_de_pulsaciones.o
 .data          0x00000000        0x0 .pio\build\bluepill_f103c8\src\controlador_de_pulsaciones.o
 .bss           0x00000000        0x0 .pio\build\bluepill_f103c8\src\controlador_de_pulsaciones.o
 .text          0x00000000        0x0 .pio\build\bluepill_f103c8\src\controlador_luz.o
 .data          0x00000000        0x0 .pio\build\bluepill_f103c8\src\controlador_luz.o
 .bss           0x00000000        0x0 .pio\build\bluepill_f103c8\src\controlador_luz.o
 .text          0x00000000        0x0 .pio\build\bluepill_f103c8\src\despacho_retardado.o
 .data          0x00000000        0x0 .pio\build\bluepill_f103c8\src\despacho_retardado.o
 .bss           0x00000000        0x0 .pio\build\bluepill_f103c8\src\despacho_retardado.o
 .text          0x00000000        0x0 .pio\build\bluepill_f103c8\src\main.o
 .data          0x00000000        0x0 .pio\build\bluepill_f103c8\src\main.o
 .bss           0x00000000        0x0 .pio\build\bluepill_f103c8\src\main.o
 .text          0x00000000        0x0 .pio\build\bluepill_f103c8\src\pulsador.o
 .data          0x00000000        0x0 .pio\build\bluepill_f103c8\src\pulsador.o
 .bss           0x00000000        0x0 .pio\build\bluepill_f103c8\src\pulsador.o
 .text          0x00000000        0x0 .pio\build\bluepill_f103c8\libd3b\libmaquina_estado2.a(maquina_estado.o)
 .data          0x00000000        0x0 .pio\build\bluepill_f103c8\libd3b\libmaquina_estado2.a(maquina_estado.o)
 .bss           0x00000000        0x0 .pio\build\bluepill_f103c8\libd3b\libmaquina_estado2.a(maquina_estado.o)
 .text          0x00000000        0x0 .pio\build\bluepill_f103c8\libae9\libsoporte_placa.a(soporte_placa.o)
 .data          0x00000000        0x0 .pio\build\bluepill_f103c8\libae9\libsoporte_placa.a(soporte_placa.o)
 .bss           0x00000000        0x0 .pio\build\bluepill_f103c8\libae9\libsoporte_placa.a(soporte_placa.o)
 .text          0x00000000        0x0 .pio\build\bluepill_f103c8\libae9\libsoporte_placa.a(sp_pin.o)
 .data          0x00000000        0x0 .pio\build\bluepill_f103c8\libae9\libsoporte_placa.a(sp_pin.o)
 .bss           0x00000000        0x0 .pio\build\bluepill_f103c8\libae9\libsoporte_placa.a(sp_pin.o)
 .text          0x00000000        0x0 .pio\build\bluepill_f103c8\libae9\libsoporte_placa.a(sp_tiempo.o)
 .data          0x00000000        0x0 .pio\build\bluepill_f103c8\libae9\libsoporte_placa.a(sp_tiempo.o)
 .bss           0x00000000        0x0 .pio\build\bluepill_f103c8\libae9\libsoporte_placa.a(sp_tiempo.o)
 .text.SP_Tiempo_delay
                0x00000000       0x38 .pio\build\bluepill_f103c8\libae9\libsoporte_placa.a(sp_tiempo.o)
 .text.SP_Tiempo_addTimeout
                0x00000000       0x34 .pio\build\bluepill_f103c8\libae9\libsoporte_placa.a(sp_tiempo.o)
 .text          0x00000000        0x0 c:/users/lola/.platformio/packages/toolchain-gccarmnoneeabi/bin/../lib/gcc/arm-none-eabi/7.2.1/../../../../arm-none-eabi/lib/thumb/v7-m\libc_nano.a(lib_a-exit.o)
 .data          0x00000000        0x0 c:/users/lola/.platformio/packages/toolchain-gccarmnoneeabi/bin/../lib/gcc/arm-none-eabi/7.2.1/../../../../arm-none-eabi/lib/thumb/v7-m\libc_nano.a(lib_a-exit.o)
 .bss           0x00000000        0x0 c:/users/lola/.platformio/packages/toolchain-gccarmnoneeabi/bin/../lib/gcc/arm-none-eabi/7.2.1/../../../../arm-none-eabi/lib/thumb/v7-m\libc_nano.a(lib_a-exit.o)
 .text.exit     0x00000000       0x28 c:/users/lola/.platformio/packages/toolchain-gccarmnoneeabi/bin/../lib/gcc/arm-none-eabi/7.2.1/../../../../arm-none-eabi/lib/thumb/v7-m\libc_nano.a(lib_a-exit.o)
 .debug_frame   0x00000000       0x28 c:/users/lola/.platformio/packages/toolchain-gccarmnoneeabi/bin/../lib/gcc/arm-none-eabi/7.2.1/../../../../arm-none-eabi/lib/thumb/v7-m\libc_nano.a(lib_a-exit.o)
 .ARM.attributes
                0x00000000       0x2d c:/users/lola/.platformio/packages/toolchain-gccarmnoneeabi/bin/../lib/gcc/arm-none-eabi/7.2.1/../../../../arm-none-eabi/lib/thumb/v7-m\libc_nano.a(lib_a-exit.o)
 .text          0x00000000        0x0 c:/users/lola/.platformio/packages/toolchain-gccarmnoneeabi/bin/../lib/gcc/arm-none-eabi/7.2.1/../../../../arm-none-eabi/lib/thumb/v7-m\libc_nano.a(lib_a-impure.o)
 .data          0x00000000        0x0 c:/users/lola/.platformio/packages/toolchain-gccarmnoneeabi/bin/../lib/gcc/arm-none-eabi/7.2.1/../../../../arm-none-eabi/lib/thumb/v7-m\libc_nano.a(lib_a-impure.o)
 .bss           0x00000000        0x0 c:/users/lola/.platformio/packages/toolchain-gccarmnoneeabi/bin/../lib/gcc/arm-none-eabi/7.2.1/../../../../arm-none-eabi/lib/thumb/v7-m\libc_nano.a(lib_a-impure.o)
 .data._impure_ptr
                0x00000000        0x4 c:/users/lola/.platformio/packages/toolchain-gccarmnoneeabi/bin/../lib/gcc/arm-none-eabi/7.2.1/../../../../arm-none-eabi/lib/thumb/v7-m\libc_nano.a(lib_a-impure.o)
 .data.impure_data
                0x00000000       0x60 c:/users/lola/.platformio/packages/toolchain-gccarmnoneeabi/bin/../lib/gcc/arm-none-eabi/7.2.1/../../../../arm-none-eabi/lib/thumb/v7-m\libc_nano.a(lib_a-impure.o)
 .rodata._global_impure_ptr
                0x00000000        0x4 c:/users/lola/.platformio/packages/toolchain-gccarmnoneeabi/bin/../lib/gcc/arm-none-eabi/7.2.1/../../../../arm-none-eabi/lib/thumb/v7-m\libc_nano.a(lib_a-impure.o)
 .ARM.attributes
                0x00000000       0x2d c:/users/lola/.platformio/packages/toolchain-gccarmnoneeabi/bin/../lib/gcc/arm-none-eabi/7.2.1/../../../../arm-none-eabi/lib/thumb/v7-m\libc_nano.a(lib_a-impure.o)
 .text          0x00000000        0x0 c:/users/lola/.platformio/packages/toolchain-gccarmnoneeabi/bin/../lib/gcc/arm-none-eabi/7.2.1/../../../../arm-none-eabi/lib/thumb/v7-m\libc_nano.a(lib_a-init.o)
 .data          0x00000000        0x0 c:/users/lola/.platformio/packages/toolchain-gccarmnoneeabi/bin/../lib/gcc/arm-none-eabi/7.2.1/../../../../arm-none-eabi/lib/thumb/v7-m\libc_nano.a(lib_a-init.o)
 .bss           0x00000000        0x0 c:/users/lola/.platformio/packages/toolchain-gccarmnoneeabi/bin/../lib/gcc/arm-none-eabi/7.2.1/../../../../arm-none-eabi/lib/thumb/v7-m\libc_nano.a(lib_a-init.o)
 .text          0x00000000        0x0 c:/users/lola/.platformio/packages/toolchain-gccarmnoneeabi/bin/../lib/gcc/arm-none-eabi/7.2.1/../../../../arm-none-eabi/lib/thumb/v7-m\libc_nano.a(lib_a-memset.o)
 .data          0x00000000        0x0 c:/users/lola/.platformio/packages/toolchain-gccarmnoneeabi/bin/../lib/gcc/arm-none-eabi/7.2.1/../../../../arm-none-eabi/lib/thumb/v7-m\libc_nano.a(lib_a-memset.o)
 .bss           0x00000000        0x0 c:/users/lola/.platformio/packages/toolchain-gccarmnoneeabi/bin/../lib/gcc/arm-none-eabi/7.2.1/../../../../arm-none-eabi/lib/thumb/v7-m\libc_nano.a(lib_a-memset.o)
 .text          0x00000000        0x0 c:/users/lola/.platformio/packages/toolchain-gccarmnoneeabi/bin/../lib/gcc/arm-none-eabi/7.2.1/../../../../arm-none-eabi/lib/thumb/v7-m\libnosys.a(_exit.o)
 .data          0x00000000        0x0 c:/users/lola/.platformio/packages/toolchain-gccarmnoneeabi/bin/../lib/gcc/arm-none-eabi/7.2.1/../../../../arm-none-eabi/lib/thumb/v7-m\libnosys.a(_exit.o)
 .bss           0x00000000        0x0 c:/users/lola/.platformio/packages/toolchain-gccarmnoneeabi/bin/../lib/gcc/arm-none-eabi/7.2.1/../../../../arm-none-eabi/lib/thumb/v7-m\libnosys.a(_exit.o)
 .text._exit    0x00000000        0x4 c:/users/lola/.platformio/packages/toolchain-gccarmnoneeabi/bin/../lib/gcc/arm-none-eabi/7.2.1/../../../../arm-none-eabi/lib/thumb/v7-m\libnosys.a(_exit.o)
 .debug_frame   0x00000000       0x20 c:/users/lola/.platformio/packages/toolchain-gccarmnoneeabi/bin/../lib/gcc/arm-none-eabi/7.2.1/../../../../arm-none-eabi/lib/thumb/v7-m\libnosys.a(_exit.o)
 .ARM.attributes
                0x00000000       0x2d c:/users/lola/.platformio/packages/toolchain-gccarmnoneeabi/bin/../lib/gcc/arm-none-eabi/7.2.1/../../../../arm-none-eabi/lib/thumb/v7-m\libnosys.a(_exit.o)
 .text          0x00000000        0x0 c:/users/lola/.platformio/packages/toolchain-gccarmnoneeabi/bin/../lib/gcc/arm-none-eabi/7.2.1/thumb/v7-m/crtend.o
 .data          0x00000000        0x0 c:/users/lola/.platformio/packages/toolchain-gccarmnoneeabi/bin/../lib/gcc/arm-none-eabi/7.2.1/thumb/v7-m/crtend.o
 .bss           0x00000000        0x0 c:/users/lola/.platformio/packages/toolchain-gccarmnoneeabi/bin/../lib/gcc/arm-none-eabi/7.2.1/thumb/v7-m/crtend.o
 .eh_frame      0x00000000        0x4 c:/users/lola/.platformio/packages/toolchain-gccarmnoneeabi/bin/../lib/gcc/arm-none-eabi/7.2.1/thumb/v7-m/crtend.o
 .ARM.attributes
                0x00000000       0x2d c:/users/lola/.platformio/packages/toolchain-gccarmnoneeabi/bin/../lib/gcc/arm-none-eabi/7.2.1/thumb/v7-m/crtend.o
 .text          0x00000000        0x0 c:/users/lola/.platformio/packages/toolchain-gccarmnoneeabi/bin/../lib/gcc/arm-none-eabi/7.2.1/thumb/v7-m/crtn.o
 .data          0x00000000        0x0 c:/users/lola/.platformio/packages/toolchain-gccarmnoneeabi/bin/../lib/gcc/arm-none-eabi/7.2.1/thumb/v7-m/crtn.o
 .bss           0x00000000        0x0 c:/users/lola/.platformio/packages/toolchain-gccarmnoneeabi/bin/../lib/gcc/arm-none-eabi/7.2.1/thumb/v7-m/crtn.o

Memory Configuration

Name             Origin             Length             Attributes
RAM              0x20000000         0x00005000         xrw
FLASH            0x08000000         0x00010000         xr
*default*        0x00000000         0xffffffff

Linker script and memory map

LOAD c:/users/lola/.platformio/packages/toolchain-gccarmnoneeabi/bin/../lib/gcc/arm-none-eabi/7.2.1/thumb/v7-m/crti.o
LOAD c:/users/lola/.platformio/packages/toolchain-gccarmnoneeabi/bin/../lib/gcc/arm-none-eabi/7.2.1/thumb/v7-m/crtbegin.o
LOAD c:/users/lola/.platformio/packages/toolchain-gccarmnoneeabi/bin/../lib/gcc/arm-none-eabi/7.2.1/../../../../arm-none-eabi/lib/thumb/v7-m/crt0.o
LOAD .pio\build\bluepill_f103c8\FrameworkCMSIS\gcc\startup_stm32f103xb.o
LOAD .pio\build\bluepill_f103c8\FrameworkCMSIS\system_stm32f1xx.o
LOAD .pio\build\bluepill_f103c8\src\controlador_de_pulsaciones.o
LOAD .pio\build\bluepill_f103c8\src\controlador_luz.o
LOAD .pio\build\bluepill_f103c8\src\despacho_retardado.o
LOAD .pio\build\bluepill_f103c8\src\main.o
LOAD .pio\build\bluepill_f103c8\src\pulsador.o
START GROUP
LOAD .pio\build\bluepill_f103c8\libd3b\libmaquina_estado2.a
LOAD .pio\build\bluepill_f103c8\libae9\libsoporte_placa.a
LOAD c:/users/lola/.platformio/packages/toolchain-gccarmnoneeabi/bin/../lib/gcc/arm-none-eabi/7.2.1/../../../../arm-none-eabi/lib/thumb/v7-m\libc_nano.a
LOAD c:/users/lola/.platformio/packages/toolchain-gccarmnoneeabi/bin/../lib/gcc/arm-none-eabi/7.2.1/thumb/v7-m\libgcc.a
LOAD c:/users/lola/.platformio/packages/toolchain-gccarmnoneeabi/bin/../lib/gcc/arm-none-eabi/7.2.1/../../../../arm-none-eabi/lib/thumb/v7-m\libm.a
LOAD c:/users/lola/.platformio/packages/toolchain-gccarmnoneeabi/bin/../lib/gcc/arm-none-eabi/7.2.1/../../../../arm-none-eabi/lib/thumb/v7-m\libstdc++_nano.a
END GROUP
START GROUP
LOAD c:/users/lola/.platformio/packages/toolchain-gccarmnoneeabi/bin/../lib/gcc/arm-none-eabi/7.2.1/thumb/v7-m\libgcc.a
LOAD c:/users/lola/.platformio/packages/toolchain-gccarmnoneeabi/bin/../lib/gcc/arm-none-eabi/7.2.1/../../../../arm-none-eabi/lib/thumb/v7-m\libc_nano.a
END GROUP
START GROUP
LOAD c:/users/lola/.platformio/packages/toolchain-gccarmnoneeabi/bin/../lib/gcc/arm-none-eabi/7.2.1/thumb/v7-m\libgcc.a
LOAD c:/users/lola/.platformio/packages/toolchain-gccarmnoneeabi/bin/../lib/gcc/arm-none-eabi/7.2.1/../../../../arm-none-eabi/lib/thumb/v7-m\libc_nano.a
LOAD c:/users/lola/.platformio/packages/toolchain-gccarmnoneeabi/bin/../lib/gcc/arm-none-eabi/7.2.1/../../../../arm-none-eabi/lib/thumb/v7-m\libnosys.a
END GROUP
START GROUP
LOAD c:/users/lola/.platformio/packages/toolchain-gccarmnoneeabi/bin/../lib/gcc/arm-none-eabi/7.2.1/thumb/v7-m\libgcc.a
LOAD c:/users/lola/.platformio/packages/toolchain-gccarmnoneeabi/bin/../lib/gcc/arm-none-eabi/7.2.1/../../../../arm-none-eabi/lib/thumb/v7-m\libc_nano.a
LOAD c:/users/lola/.platformio/packages/toolchain-gccarmnoneeabi/bin/../lib/gcc/arm-none-eabi/7.2.1/../../../../arm-none-eabi/lib/thumb/v7-m\libnosys.a
END GROUP
LOAD c:/users/lola/.platformio/packages/toolchain-gccarmnoneeabi/bin/../lib/gcc/arm-none-eabi/7.2.1/thumb/v7-m/crtend.o
LOAD c:/users/lola/.platformio/packages/toolchain-gccarmnoneeabi/bin/../lib/gcc/arm-none-eabi/7.2.1/thumb/v7-m/crtn.o
                0x20005000                _estack = (ORIGIN (RAM) + LENGTH (RAM))
                0x00000200                _Min_Heap_Size = 0x200
                0x00000400                _Min_Stack_Size = 0x400

.isr_vector     0x08000000      0x10c
                0x08000000                . = ALIGN (0x4)
 *(.isr_vector)
 .isr_vector    0x08000000      0x10c .pio\build\bluepill_f103c8\FrameworkCMSIS\gcc\startup_stm32f103xb.o
                0x08000000                g_pfnVectors
                0x0800010c                . = ALIGN (0x4)

.text           0x0800010c      0x7cc
                0x0800010c                . = ALIGN (0x4)
 *(.text)
 .text          0x0800010c       0x40 c:/users/lola/.platformio/packages/toolchain-gccarmnoneeabi/bin/../lib/gcc/arm-none-eabi/7.2.1/thumb/v7-m/crtbegin.o
 *(.text*)
 .text.Reset_Handler
                0x0800014c       0x48 .pio\build\bluepill_f103c8\FrameworkCMSIS\gcc\startup_stm32f103xb.o
                0x0800014c                Reset_Handler
 .text.Default_Handler
                0x08000194        0x2 .pio\build\bluepill_f103c8\FrameworkCMSIS\gcc\startup_stm32f103xb.o
                0x08000194                RTC_Alarm_IRQHandler
                0x08000194                EXTI2_IRQHandler
                0x08000194                DebugMon_Handler
                0x08000194                TIM1_CC_IRQHandler
                0x08000194                HardFault_Handler
                0x08000194                PVD_IRQHandler
                0x08000194                PendSV_Handler
                0x08000194                NMI_Handler
                0x08000194                EXTI3_IRQHandler
                0x08000194                EXTI0_IRQHandler
                0x08000194                I2C2_EV_IRQHandler
                0x08000194                UsageFault_Handler
                0x08000194                ADC1_2_IRQHandler
                0x08000194                SPI1_IRQHandler
                0x08000194                TAMPER_IRQHandler
                0x08000194                DMA1_Channel4_IRQHandler
                0x08000194                USART3_IRQHandler
                0x08000194                RTC_IRQHandler
                0x08000194                DMA1_Channel7_IRQHandler
                0x08000194                CAN1_RX1_IRQHandler
                0x08000194                TIM4_IRQHandler
                0x08000194                I2C1_EV_IRQHandler
                0x08000194                DMA1_Channel6_IRQHandler
                0x08000194                TIM3_IRQHandler
                0x08000194                RCC_IRQHandler
                0x08000194                TIM1_TRG_COM_IRQHandler
                0x08000194                DMA1_Channel1_IRQHandler
                0x08000194                Default_Handler
                0x08000194                EXTI15_10_IRQHandler
                0x08000194                EXTI9_5_IRQHandler
                0x08000194                SPI2_IRQHandler
                0x08000194                MemManage_Handler
                0x08000194                SVC_Handler
                0x08000194                DMA1_Channel5_IRQHandler
                0x08000194                EXTI4_IRQHandler
                0x08000194                USB_LP_CAN1_RX0_IRQHandler
                0x08000194                USB_HP_CAN1_TX_IRQHandler
                0x08000194                DMA1_Channel3_IRQHandler
                0x08000194                TIM1_UP_IRQHandler
                0x08000194                WWDG_IRQHandler
                0x08000194                TIM2_IRQHandler
                0x08000194                TIM1_BRK_IRQHandler
                0x08000194                EXTI1_IRQHandler
                0x08000194                USART2_IRQHandler
                0x08000194                I2C2_ER_IRQHandler
                0x08000194                DMA1_Channel2_IRQHandler
                0x08000194                CAN1_SCE_IRQHandler
                0x08000194                FLASH_IRQHandler
                0x08000194                BusFault_Handler
                0x08000194                USART1_IRQHandler
                0x08000194                I2C1_ER_IRQHandler
                0x08000194                USBWakeUp_IRQHandler
 *fill*         0x08000196        0x2 
 .text.SystemInit
                0x08000198       0x4c .pio\build\bluepill_f103c8\FrameworkCMSIS\system_stm32f1xx.o
                0x08000198                SystemInit
 .text.SystemCoreClockUpdate
                0x080001e4       0x58 .pio\build\bluepill_f103c8\FrameworkCMSIS\system_stm32f1xx.o
                0x080001e4                SystemCoreClockUpdate
 .text.estadoCuenta
                0x0800023c       0x74 .pio\build\bluepill_f103c8\src\controlador_de_pulsaciones.o
 .text.estadoEspera
                0x080002b0       0x48 .pio\build\bluepill_f103c8\src\controlador_de_pulsaciones.o
 .text.ControladorDePulsaciones_init
                0x080002f8       0x1c .pio\build\bluepill_f103c8\src\controlador_de_pulsaciones.o
                0x080002f8                ControladorDePulsaciones_init
 .text.ControladorDePulsaciones_asMaquina
                0x08000314        0x2 .pio\build\bluepill_f103c8\src\controlador_de_pulsaciones.o
                0x08000314                ControladorDePulsaciones_asMaquina
 *fill*         0x08000316        0x2 
 .text.estadoApagado
                0x08000318       0x5c .pio\build\bluepill_f103c8\src\controlador_luz.o
 .text.estadoMudanza
                0x08000374       0x30 .pio\build\bluepill_f103c8\src\controlador_luz.o
 .text.estadoEncendido
                0x080003a4       0x3c .pio\build\bluepill_f103c8\src\controlador_luz.o
 .text.ControladorLuz_init
                0x080003e0       0x24 .pio\build\bluepill_f103c8\src\controlador_luz.o
                0x080003e0                ControladorLuz_init
 .text.ControladorLuz_asMaquina
                0x08000404        0x2 .pio\build\bluepill_f103c8\src\controlador_luz.o
                0x08000404                ControladorLuz_asMaquina
 .text.DespachoRetardado_init
                0x08000406        0xc .pio\build\bluepill_f103c8\src\despacho_retardado.o
                0x08000406                DespachoRetardado_init
 .text.DespachoRetardado_programarDespacho
                0x08000412       0x4e .pio\build\bluepill_f103c8\src\despacho_retardado.o
                0x08000412                DespachoRetardado_programarDespacho
 .text.DespachoRetardado_procesarDespacho
                0x08000460       0x6c .pio\build\bluepill_f103c8\src\despacho_retardado.o
                0x08000460                DespachoRetardado_procesarDespacho
 .text.startup.main
                0x080004cc       0xd4 .pio\build\bluepill_f103c8\src\main.o
                0x080004cc                main
 .text.Pulsador_init
                0x080005a0       0x3c .pio\build\bluepill_f103c8\src\pulsador.o
                0x080005a0                Pulsador_init
 .text.Pulsador_procesa
                0x080005dc       0x5a .pio\build\bluepill_f103c8\src\pulsador.o
                0x080005dc                Pulsador_procesa
 .text.Maquina_despacha
                0x08000636       0x28 .pio\build\bluepill_f103c8\libd3b\libmaquina_estado2.a(maquina_estado.o)
                0x08000636                Maquina_despacha
 .text.Maquina_init
                0x0800065e       0x10 .pio\build\bluepill_f103c8\libd3b\libmaquina_estado2.a(maquina_estado.o)
                0x0800065e                Maquina_init
 .text.Maquina_procesa
                0x0800066e       0x46 .pio\build\bluepill_f103c8\libd3b\libmaquina_estado2.a(maquina_estado.o)
                0x0800066e                Maquina_procesa
 .text.SP_init  0x080006b4        0x4 .pio\build\bluepill_f103c8\libae9\libsoporte_placa.a(soporte_placa.o)
                0x080006b4                SP_init
 .text.desactivarJtag
                0x080006b8       0x2c .pio\build\bluepill_f103c8\libae9\libsoporte_placa.a(sp_pin.o)
 .text.config_modo
                0x080006e4       0x38 .pio\build\bluepill_f103c8\libae9\libsoporte_placa.a(sp_pin.o)
 .text.SP_Pin_read
                0x0800071c       0x20 .pio\build\bluepill_f103c8\libae9\libsoporte_placa.a(sp_pin.o)
                0x0800071c                SP_Pin_read
 .text.SP_Pin_write
                0x0800073c       0x24 .pio\build\bluepill_f103c8\libae9\libsoporte_placa.a(sp_pin.o)
                0x0800073c                SP_Pin_write
 .text.SP_Pin_setModo
                0x08000760       0x74 .pio\build\bluepill_f103c8\libae9\libsoporte_placa.a(sp_pin.o)
                0x08000760                SP_Pin_setModo
 .text.SP_Tiempo_init
                0x080007d4       0x4c .pio\build\bluepill_f103c8\libae9\libsoporte_placa.a(sp_tiempo.o)
                0x080007d4                SP_Tiempo_init
 .text.SysTick_Handler
                0x08000820       0x3c .pio\build\bluepill_f103c8\libae9\libsoporte_placa.a(sp_tiempo.o)
                0x08000820                SysTick_Handler
 .text.SP_Tiempo_getMilisegundos
                0x0800085c        0xc .pio\build\bluepill_f103c8\libae9\libsoporte_placa.a(sp_tiempo.o)
                0x0800085c                SP_Tiempo_getMilisegundos
 .text.__libc_init_array
                0x08000868       0x48 c:/users/lola/.platformio/packages/toolchain-gccarmnoneeabi/bin/../lib/gcc/arm-none-eabi/7.2.1/../../../../arm-none-eabi/lib/thumb/v7-m\libc_nano.a(lib_a-init.o)
                0x08000868                __libc_init_array
 .text.memset   0x080008b0       0x10 c:/users/lola/.platformio/packages/toolchain-gccarmnoneeabi/bin/../lib/gcc/arm-none-eabi/7.2.1/../../../../arm-none-eabi/lib/thumb/v7-m\libc_nano.a(lib_a-memset.o)
                0x080008b0                memset
 *(.glue_7)
 .glue_7        0x080008c0        0x0 linker stubs
 *(.glue_7t)
 .glue_7t       0x080008c0        0x0 linker stubs
 *(.eh_frame)
 .eh_frame      0x080008c0        0x0 c:/users/lola/.platformio/packages/toolchain-gccarmnoneeabi/bin/../lib/gcc/arm-none-eabi/7.2.1/thumb/v7-m/crtbegin.o
 *(.init)
 .init          0x080008c0        0x4 c:/users/lola/.platformio/packages/toolchain-gccarmnoneeabi/bin/../lib/gcc/arm-none-eabi/7.2.1/thumb/v7-m/crti.o
                0x080008c0                _init
 .init          0x080008c4        0x8 c:/users/lola/.platformio/packages/toolchain-gccarmnoneeabi/bin/../lib/gcc/arm-none-eabi/7.2.1/thumb/v7-m/crtn.o
 *(.fini)
 .fini          0x080008cc        0x4 c:/users/lola/.platformio/packages/toolchain-gccarmnoneeabi/bin/../lib/gcc/arm-none-eabi/7.2.1/thumb/v7-m/crti.o
                0x080008cc                _fini
 .fini          0x080008d0        0x8 c:/users/lola/.platformio/packages/toolchain-gccarmnoneeabi/bin/../lib/gcc/arm-none-eabi/7.2.1/thumb/v7-m/crtn.o
                0x080008d8                . = ALIGN (0x4)
                0x080008d8                _etext = .

.vfp11_veneer   0x080008d8        0x0
 .vfp11_veneer  0x080008d8        0x0 linker stubs

.v4_bx          0x080008d8        0x0
 .v4_bx         0x080008d8        0x0 linker stubs

.iplt           0x080008d8        0x0
 .iplt          0x080008d8        0x0 c:/users/lola/.platformio/packages/toolchain-gccarmnoneeabi/bin/../lib/gcc/arm-none-eabi/7.2.1/thumb/v7-m/crtbegin.o

.rodata         0x080008d8      0x190
                0x080008d8                . = ALIGN (0x4)
 *(.rodata)
 *(.rodata*)
 .rodata.AHBPrescTable
                0x080008d8       0x10 .pio\build\bluepill_f103c8\FrameworkCMSIS\system_stm32f1xx.o
                0x080008d8                AHBPrescTable
 .rodata.pines  0x080008e8      0x180 .pio\build\bluepill_f103c8\libae9\libsoporte_placa.a(sp_pin.o)
                0x08000a68                . = ALIGN (0x4)

.rel.dyn        0x08000a68        0x0
 .rel.iplt      0x08000a68        0x0 c:/users/lola/.platformio/packages/toolchain-gccarmnoneeabi/bin/../lib/gcc/arm-none-eabi/7.2.1/thumb/v7-m/crtbegin.o

.ARM.extab      0x08000a68        0x0
                0x08000a68                . = ALIGN (0x4)
 *(.ARM.extab* .gnu.linkonce.armextab.*)
                0x08000a68                . = ALIGN (0x4)

.ARM            0x08000a68        0x0
                0x08000a68                . = ALIGN (0x4)
                0x08000a68                __exidx_start = .
 *(.ARM.exidx*)
                0x08000a68                __exidx_end = .
                0x08000a68                . = ALIGN (0x4)

.preinit_array  0x08000a68        0x0
                0x08000a68                . = ALIGN (0x4)
                0x08000a68                PROVIDE (__preinit_array_start, .)
 *(.preinit_array*)
                0x08000a68                PROVIDE (__preinit_array_end, .)
                0x08000a68                . = ALIGN (0x4)

.init_array     0x08000a68        0x4
                0x08000a68                . = ALIGN (0x4)
                0x08000a68                PROVIDE (__init_array_start, .)
 *(SORT_BY_NAME(.init_array.*))
 *(.init_array*)
 .init_array    0x08000a68        0x4 c:/users/lola/.platformio/packages/toolchain-gccarmnoneeabi/bin/../lib/gcc/arm-none-eabi/7.2.1/thumb/v7-m/crtbegin.o
                0x08000a6c                PROVIDE (__init_array_end, .)
                0x08000a6c                . = ALIGN (0x4)

.fini_array     0x08000a6c        0x4
                0x08000a6c                . = ALIGN (0x4)
                [!provide]                PROVIDE (__fini_array_start, .)
 *(SORT_BY_NAME(.fini_array.*))
 *(.fini_array*)
 .fini_array    0x08000a6c        0x4 c:/users/lola/.platformio/packages/toolchain-gccarmnoneeabi/bin/../lib/gcc/arm-none-eabi/7.2.1/thumb/v7-m/crtbegin.o
                [!provide]                PROVIDE (__fini_array_end, .)
                0x08000a70                . = ALIGN (0x4)
                0x08000a70                _sidata = LOADADDR (.data)

.data           0x20000000        0x4 load address 0x08000a70
                0x20000000                . = ALIGN (0x4)
                0x20000000                _sdata = .
 *(.data)
 *(.data*)
 .data.SystemCoreClock
                0x20000000        0x4 .pio\build\bluepill_f103c8\FrameworkCMSIS\system_stm32f1xx.o
                0x20000000                SystemCoreClock
 *(.RamFunc)
 *(.RamFunc*)
                0x20000004                . = ALIGN (0x4)
                0x20000004                _edata = .

.igot.plt       0x20000004        0x0 load address 0x08000a74
 .igot.plt      0x20000004        0x0 c:/users/lola/.platformio/packages/toolchain-gccarmnoneeabi/bin/../lib/gcc/arm-none-eabi/7.2.1/thumb/v7-m/crtbegin.o
                0x20000004                . = ALIGN (0x4)

.bss            0x20000004      0x170 load address 0x08000a74
                0x20000004                _sbss = .
                0x20000004                __bss_start__ = _sbss
 *(.bss)
 .bss           0x20000004       0x1c c:/users/lola/.platformio/packages/toolchain-gccarmnoneeabi/bin/../lib/gcc/arm-none-eabi/7.2.1/thumb/v7-m/crtbegin.o
 *(.bss*)
 .bss.controladorLuz
                0x20000020        0x4 .pio\build\bluepill_f103c8\src\main.o
 .bss.controladorPulsaciones
                0x20000024        0x4 .pio\build\bluepill_f103c8\src\main.o
 .bss.despachoRetardado
                0x20000028       0x38 .pio\build\bluepill_f103c8\src\main.o
 .bss.instanciaControlador.4348
                0x20000060       0x60 .pio\build\bluepill_f103c8\src\main.o
 .bss.instanciaPulsaciones.4349
                0x200000c0       0x60 .pio\build\bluepill_f103c8\src\main.o
 .bss.pulsador  0x20000120       0x1c .pio\build\bluepill_f103c8\src\main.o
 .bss.limiteRedondeo
                0x2000013c        0x4 .pio\build\bluepill_f103c8\libae9\libsoporte_placa.a(sp_tiempo.o)
 .bss.ticks     0x20000140        0x4 .pio\build\bluepill_f103c8\libae9\libsoporte_placa.a(sp_tiempo.o)
 *(COMMON)
 COMMON         0x20000144       0x30 .pio\build\bluepill_f103c8\libae9\libsoporte_placa.a(sp_tiempo.o)
                0x20000144                timeoutDescriptors
                0x20000174                . = ALIGN (0x4)
                0x20000174                _ebss = .
                0x20000174                __bss_end__ = _ebss

._user_heap_stack
                0x20000174      0x604 load address 0x08000a74
                0x20000178                . = ALIGN (0x8)
 *fill*         0x20000174        0x4 
                [!provide]                PROVIDE (end, .)
                [!provide]                PROVIDE (_end, .)
                0x20000378                . = (. + _Min_Heap_Size)
 *fill*         0x20000178      0x200 
                0x20000778                . = (. + _Min_Stack_Size)
 *fill*         0x20000378      0x400 
                0x20000778                . = ALIGN (0x8)

/DISCARD/
 libc.a(*)
 libm.a(*)
 libgcc.a(*)

.ARM.attributes
                0x00000000       0x29
 *(.ARM.attributes)
 .ARM.attributes
                0x00000000       0x1d c:/users/lola/.platformio/packages/toolchain-gccarmnoneeabi/bin/../lib/gcc/arm-none-eabi/7.2.1/thumb/v7-m/crti.o
 .ARM.attributes
                0x0000001d       0x2d c:/users/lola/.platformio/packages/toolchain-gccarmnoneeabi/bin/../lib/gcc/arm-none-eabi/7.2.1/thumb/v7-m/crtbegin.o
 .ARM.attributes
                0x0000004a       0x21 .pio\build\bluepill_f103c8\FrameworkCMSIS\gcc\startup_stm32f103xb.o
 .ARM.attributes
                0x0000006b       0x33 .pio\build\bluepill_f103c8\FrameworkCMSIS\system_stm32f1xx.o
 .ARM.attributes
                0x0000009e       0x33 .pio\build\bluepill_f103c8\src\controlador_de_pulsaciones.o
 .ARM.attributes
                0x000000d1       0x33 .pio\build\bluepill_f103c8\src\controlador_luz.o
 .ARM.attributes
                0x00000104       0x33 .pio\build\bluepill_f103c8\src\despacho_retardado.o
 .ARM.attributes
                0x00000137       0x33 .pio\build\bluepill_f103c8\src\main.o
 .ARM.attributes
                0x0000016a       0x33 .pio\build\bluepill_f103c8\src\pulsador.o
 .ARM.attributes
                0x0000019d       0x33 .pio\build\bluepill_f103c8\libd3b\libmaquina_estado2.a(maquina_estado.o)
 .ARM.attributes
                0x000001d0       0x33 .pio\build\bluepill_f103c8\libae9\libsoporte_placa.a(soporte_placa.o)
 .ARM.attributes
                0x00000203       0x33 .pio\build\bluepill_f103c8\libae9\libsoporte_placa.a(sp_pin.o)
 .ARM.attributes
                0x00000236       0x33 .pio\build\bluepill_f103c8\libae9\libsoporte_placa.a(sp_tiempo.o)
 .ARM.attributes
                0x00000269       0x2d c:/users/lola/.platformio/packages/toolchain-gccarmnoneeabi/bin/../lib/gcc/arm-none-eabi/7.2.1/../../../../arm-none-eabi/lib/thumb/v7-m\libc_nano.a(lib_a-init.o)
 .ARM.attributes
                0x00000296       0x2d c:/users/lola/.platformio/packages/toolchain-gccarmnoneeabi/bin/../lib/gcc/arm-none-eabi/7.2.1/../../../../arm-none-eabi/lib/thumb/v7-m\libc_nano.a(lib_a-memset.o)
 .ARM.attributes
                0x000002c3       0x1d c:/users/lola/.platformio/packages/toolchain-gccarmnoneeabi/bin/../lib/gcc/arm-none-eabi/7.2.1/thumb/v7-m/crtn.o
OUTPUT(.pio\build\bluepill_f103c8\firmware.elf elf32-littlearm)

.debug_info     0x00000000     0x33b6
 .debug_info    0x00000000      0x3e4 .pio\build\bluepill_f103c8\FrameworkCMSIS\system_stm32f1xx.o
 .debug_info    0x000003e4      0x5dc .pio\build\bluepill_f103c8\src\controlador_de_pulsaciones.o
 .debug_info    0x000009c0      0x5e1 .pio\build\bluepill_f103c8\src\controlador_luz.o
 .debug_info    0x00000fa1      0x36d .pio\build\bluepill_f103c8\src\despacho_retardado.o
 .debug_info    0x0000130e      0x7fc .pio\build\bluepill_f103c8\src\main.o
 .debug_info    0x00001b0a      0x3b3 .pio\build\bluepill_f103c8\src\pulsador.o
 .debug_info    0x00001ebd      0x46a .pio\build\bluepill_f103c8\libd3b\libmaquina_estado2.a(maquina_estado.o)
 .debug_info    0x00002327      0x139 .pio\build\bluepill_f103c8\libae9\libsoporte_placa.a(soporte_placa.o)
 .debug_info    0x00002460      0x69c .pio\build\bluepill_f103c8\libae9\libsoporte_placa.a(sp_pin.o)
 .debug_info    0x00002afc      0x8ba .pio\build\bluepill_f103c8\libae9\libsoporte_placa.a(sp_tiempo.o)

.debug_abbrev   0x00000000     0x10ff
 .debug_abbrev  0x00000000      0x131 .pio\build\bluepill_f103c8\FrameworkCMSIS\system_stm32f1xx.o
 .debug_abbrev  0x00000131      0x17b .pio\build\bluepill_f103c8\src\controlador_de_pulsaciones.o
 .debug_abbrev  0x000002ac      0x1cd .pio\build\bluepill_f103c8\src\controlador_luz.o
 .debug_abbrev  0x00000479      0x14a .pio\build\bluepill_f103c8\src\despacho_retardado.o
 .debug_abbrev  0x000005c3      0x162 .pio\build\bluepill_f103c8\src\main.o
 .debug_abbrev  0x00000725      0x177 .pio\build\bluepill_f103c8\src\pulsador.o
 .debug_abbrev  0x0000089c      0x20f .pio\build\bluepill_f103c8\libd3b\libmaquina_estado2.a(maquina_estado.o)
 .debug_abbrev  0x00000aab       0xb2 .pio\build\bluepill_f103c8\libae9\libsoporte_placa.a(soporte_placa.o)
 .debug_abbrev  0x00000b5d      0x298 .pio\build\bluepill_f103c8\libae9\libsoporte_placa.a(sp_pin.o)
 .debug_abbrev  0x00000df5      0x30a .pio\build\bluepill_f103c8\libae9\libsoporte_placa.a(sp_tiempo.o)

.debug_loc      0x00000000     0x11a7
 .debug_loc     0x00000000       0xcd .pio\build\bluepill_f103c8\FrameworkCMSIS\system_stm32f1xx.o
 .debug_loc     0x000000cd      0x2ca .pio\build\bluepill_f103c8\src\controlador_de_pulsaciones.o
 .debug_loc     0x00000397      0x445 .pio\build\bluepill_f103c8\src\controlador_luz.o
 .debug_loc     0x000007dc      0x1ef .pio\build\bluepill_f103c8\src\despacho_retardado.o
 .debug_loc     0x000009cb      0x1da .pio\build\bluepill_f103c8\src\pulsador.o
 .debug_loc     0x00000ba5      0x1ee .pio\build\bluepill_f103c8\libd3b\libmaquina_estado2.a(maquina_estado.o)
 .debug_loc     0x00000d93      0x181 .pio\build\bluepill_f103c8\libae9\libsoporte_placa.a(sp_pin.o)
 .debug_loc     0x00000f14      0x293 .pio\build\bluepill_f103c8\libae9\libsoporte_placa.a(sp_tiempo.o)

.debug_aranges  0x00000000      0x1e8
 .debug_aranges
                0x00000000       0x28 .pio\build\bluepill_f103c8\FrameworkCMSIS\system_stm32f1xx.o
 .debug_aranges
                0x00000028       0x38 .pio\build\bluepill_f103c8\src\controlador_de_pulsaciones.o
 .debug_aranges
                0x00000060       0x40 .pio\build\bluepill_f103c8\src\controlador_luz.o
 .debug_aranges
                0x000000a0       0x30 .pio\build\bluepill_f103c8\src\despacho_retardado.o
 .debug_aranges
                0x000000d0       0x20 .pio\build\bluepill_f103c8\src\main.o
 .debug_aranges
                0x000000f0       0x28 .pio\build\bluepill_f103c8\src\pulsador.o
 .debug_aranges
                0x00000118       0x30 .pio\build\bluepill_f103c8\libd3b\libmaquina_estado2.a(maquina_estado.o)
 .debug_aranges
                0x00000148       0x20 .pio\build\bluepill_f103c8\libae9\libsoporte_placa.a(soporte_placa.o)
 .debug_aranges
                0x00000168       0x40 .pio\build\bluepill_f103c8\libae9\libsoporte_placa.a(sp_pin.o)
 .debug_aranges
                0x000001a8       0x40 .pio\build\bluepill_f103c8\libae9\libsoporte_placa.a(sp_tiempo.o)

.debug_ranges   0x00000000      0x218
 .debug_ranges  0x00000000       0x18 .pio\build\bluepill_f103c8\FrameworkCMSIS\system_stm32f1xx.o
 .debug_ranges  0x00000018       0x28 .pio\build\bluepill_f103c8\src\controlador_de_pulsaciones.o
 .debug_ranges  0x00000040       0x30 .pio\build\bluepill_f103c8\src\controlador_luz.o
 .debug_ranges  0x00000070       0x58 .pio\build\bluepill_f103c8\src\despacho_retardado.o
 .debug_ranges  0x000000c8       0x10 .pio\build\bluepill_f103c8\src\main.o
 .debug_ranges  0x000000d8       0x48 .pio\build\bluepill_f103c8\src\pulsador.o
 .debug_ranges  0x00000120       0x40 .pio\build\bluepill_f103c8\libd3b\libmaquina_estado2.a(maquina_estado.o)
 .debug_ranges  0x00000160       0x10 .pio\build\bluepill_f103c8\libae9\libsoporte_placa.a(soporte_placa.o)
 .debug_ranges  0x00000170       0x30 .pio\build\bluepill_f103c8\libae9\libsoporte_placa.a(sp_pin.o)
 .debug_ranges  0x000001a0       0x78 .pio\build\bluepill_f103c8\libae9\libsoporte_placa.a(sp_tiempo.o)

.debug_line     0x00000000     0x18ff
 .debug_line    0x00000000      0x262 .pio\build\bluepill_f103c8\FrameworkCMSIS\system_stm32f1xx.o
 .debug_line    0x00000262      0x2bc .pio\build\bluepill_f103c8\src\controlador_de_pulsaciones.o
 .debug_line    0x0000051e      0x2c1 .pio\build\bluepill_f103c8\src\controlador_luz.o
 .debug_line    0x000007df      0x273 .pio\build\bluepill_f103c8\src\despacho_retardado.o
 .debug_line    0x00000a52      0x29c .pio\build\bluepill_f103c8\src\main.o
 .debug_line    0x00000cee      0x1d0 .pio\build\bluepill_f103c8\src\pulsador.o
 .debug_line    0x00000ebe      0x277 .pio\build\bluepill_f103c8\libd3b\libmaquina_estado2.a(maquina_estado.o)
 .debug_line    0x00001135      0x1f8 .pio\build\bluepill_f103c8\libae9\libsoporte_placa.a(soporte_placa.o)
 .debug_line    0x0000132d      0x2a8 .pio\build\bluepill_f103c8\libae9\libsoporte_placa.a(sp_pin.o)
 .debug_line    0x000015d5      0x32a .pio\build\bluepill_f103c8\libae9\libsoporte_placa.a(sp_tiempo.o)

.debug_str      0x00000000     0x105f
 .debug_str     0x00000000      0x29c .pio\build\bluepill_f103c8\FrameworkCMSIS\system_stm32f1xx.o
                                0x2ef (size before relaxing)
 .debug_str     0x0000029c      0x37c .pio\build\bluepill_f103c8\src\controlador_de_pulsaciones.o
                                0x501 (size before relaxing)
 .debug_str     0x00000618      0x191 .pio\build\bluepill_f103c8\src\controlador_luz.o
                                0x4b7 (size before relaxing)
 .debug_str     0x000007a9       0x91 .pio\build\bluepill_f103c8\src\despacho_retardado.o
                                0x2fe (size before relaxing)
 .debug_str     0x0000083a      0x10b .pio\build\bluepill_f103c8\src\main.o
                                0x67c (size before relaxing)
 .debug_str     0x00000945       0x40 .pio\build\bluepill_f103c8\src\pulsador.o
                                0x33d (size before relaxing)
 .debug_str     0x00000985       0xb6 .pio\build\bluepill_f103c8\libd3b\libmaquina_estado2.a(maquina_estado.o)
                                0x38f (size before relaxing)
 .debug_str     0x00000a3b       0x31 .pio\build\bluepill_f103c8\libae9\libsoporte_placa.a(soporte_placa.o)
                                0x1f3 (size before relaxing)
 .debug_str     0x00000a6c      0x151 .pio\build\bluepill_f103c8\libae9\libsoporte_placa.a(sp_pin.o)
                                0x51b (size before relaxing)
 .debug_str     0x00000bbd      0x4a2 .pio\build\bluepill_f103c8\libae9\libsoporte_placa.a(sp_tiempo.o)
                                0x738 (size before relaxing)

.comment        0x00000000       0x7e
 .comment       0x00000000       0x7e .pio\build\bluepill_f103c8\FrameworkCMSIS\system_stm32f1xx.o
                                 0x7f (size before relaxing)
 .comment       0x0000007e       0x7f .pio\build\bluepill_f103c8\src\controlador_de_pulsaciones.o
 .comment       0x0000007e       0x7f .pio\build\bluepill_f103c8\src\controlador_luz.o
 .comment       0x0000007e       0x7f .pio\build\bluepill_f103c8\src\despacho_retardado.o
 .comment       0x0000007e       0x7f .pio\build\bluepill_f103c8\src\main.o
 .comment       0x0000007e       0x7f .pio\build\bluepill_f103c8\src\pulsador.o
 .comment       0x0000007e       0x7f .pio\build\bluepill_f103c8\libd3b\libmaquina_estado2.a(maquina_estado.o)
 .comment       0x0000007e       0x7f .pio\build\bluepill_f103c8\libae9\libsoporte_placa.a(soporte_placa.o)
 .comment       0x0000007e       0x7f .pio\build\bluepill_f103c8\libae9\libsoporte_placa.a(sp_pin.o)
 .comment       0x0000007e       0x7f .pio\build\bluepill_f103c8\libae9\libsoporte_placa.a(sp_tiempo.o)

.debug_frame    0x00000000      0x3f4
 .debug_frame   0x00000000       0x30 .pio\build\bluepill_f103c8\FrameworkCMSIS\system_stm32f1xx.o
 .debug_frame   0x00000030       0x78 .pio\build\bluepill_f103c8\src\controlador_de_pulsaciones.o
 .debug_frame   0x000000a8       0x8c .pio\build\bluepill_f103c8\src\controlador_luz.o
 .debug_frame   0x00000134       0x7c .pio\build\bluepill_f103c8\src\despacho_retardado.o
 .debug_frame   0x000001b0       0x28 .pio\build\bluepill_f103c8\src\main.o
 .debug_frame   0x000001d8       0x4c .pio\build\bluepill_f103c8\src\pulsador.o
 .debug_frame   0x00000224       0x58 .pio\build\bluepill_f103c8\libd3b\libmaquina_estado2.a(maquina_estado.o)
 .debug_frame   0x0000027c       0x20 .pio\build\bluepill_f103c8\libae9\libsoporte_placa.a(soporte_placa.o)
 .debug_frame   0x0000029c       0x84 .pio\build\bluepill_f103c8\libae9\libsoporte_placa.a(sp_pin.o)
 .debug_frame   0x00000320       0x88 .pio\build\bluepill_f103c8\libae9\libsoporte_placa.a(sp_tiempo.o)
 .debug_frame   0x000003a8       0x2c c:/users/lola/.platformio/packages/toolchain-gccarmnoneeabi/bin/../lib/gcc/arm-none-eabi/7.2.1/../../../../arm-none-eabi/lib/thumb/v7-m\libc_nano.a(lib_a-init.o)
 .debug_frame   0x000003d4       0x20 c:/users/lola/.platformio/packages/toolchain-gccarmnoneeabi/bin/../lib/gcc/arm-none-eabi/7.2.1/../../../../arm-none-eabi/lib/thumb/v7-m\libc_nano.a(lib_a-memset.o)
